// Jest Snapshot v1, https://goo.gl/fbAQLP

exports[`StarView renders correctly 1`] = `
<View
  style={
    Array [
      Object {
        "alignItems": "center",
        "flexDirection": "row",
        "height": 30,
        "justifyContent": "flex-start",
        "width": 150,
      },
      Object {
        "height": 30,
        "width": 150,
      },
    ]
  }
>
  <View
    style={
      Array [
        Object {
          "alignItems": "center",
          "height": 30,
          "justifyContent": "center",
          "width": 30,
        },
        Object {
          "height": 30,
          "width": 30,
        },
      ]
    }
  >
    <Image
      source={
        Object {
          "testUri": "../../../lib/star-yellow.png",
        }
      }
      style={
        Array [
          Object {
            "height": "80%",
            "width": "80%",
          },
          Object {
            "height": 24,
            "width": 24,
          },
        ]
      }
    />
  </View>
  <View
    style={
      Array [
        Object {
          "alignItems": "center",
          "height": 30,
          "justifyContent": "center",
          "width": 30,
        },
        Object {
          "height": 30,
          "width": 30,
        },
      ]
    }
  >
    <Image
      source={
        Object {
          "testUri": "../../../lib/star-yellow.png",
        }
      }
      style={
        Array [
          Object {
            "height": "80%",
            "width": "80%",
          },
          Object {
            "height": 24,
            "width": 24,
          },
        ]
      }
    />
  </View>
  <View
    style={
      Array [
        Object {
          "alignItems": "center",
          "height": 30,
          "justifyContent": "center",
          "width": 30,
        },
        Object {
          "height": 30,
          "width": 30,
        },
      ]
    }
  >
    <Image
      source={
        Object {
          "testUri": "../../../lib/star-yellow.png",
        }
      }
      style={
        Array [
          Object {
            "height": "80%",
            "width": "80%",
          },
          Object {
            "height": 24,
            "width": 24,
          },
        ]
      }
    />
  </View>
  <View
    style={
      Array [
        Object {
          "alignItems": "center",
          "height": 30,
          "justifyContent": "center",
          "width": 30,
        },
        Object {
          "height": 30,
          "width": 30,
        },
      ]
    }
  >
    <Image
      source={
        Object {
          "testUri": "../../../lib/star-gray.png",
        }
      }
      style={
        Array [
          Object {
            "height": "80%",
            "width": "80%",
          },
          Object {
            "height": 24,
            "width": 24,
          },
        ]
      }
    />
  </View>
  <View
    style={
      Array [
        Object {
          "alignItems": "center",
          "height": 30,
          "justifyContent": "center",
          "width": 30,
        },
        Object {
          "height": 30,
          "width": 30,
        },
      ]
    }
  >
    <Image
      source={
        Object {
          "testUri": "../../../lib/star-gray.png",
        }
      }
      style={
        Array [
          Object {
            "height": "80%",
            "width": "80%",
          },
          Object {
            "height": 24,
            "width": 24,
          },
        ]
      }
    />
  </View>
</View>
`;
